// Jest Snapshot v1, https://goo.gl/fbAQLP

exports[`CheckBox should match snapshop 1`] = `
<div>
  <input
    type="checkbox"
  />
  <label />
</div>
`;
