// Jest Snapshot v1, https://goo.gl/fbAQLP

exports[`Footer should match snapshop 1`] = `
<div
  className="footer"
>
  <SearchBar />
  <PlatformBar />
  <GenreBar />
  <MultiBar />
  <LuckyBar />
</div>
`;
